Archive member included because of file (symbol)

c:/program files (x86)/gnu tools arm embedded/4.9 2014q4/bin/../lib/gcc/arm-none-eabi/4.9.3/armv6-m\libgcc.a(_udivsi3.o)
                              ..\obj\stm32f0xx_rcc.o (__aeabi_uidiv)
c:/program files (x86)/gnu tools arm embedded/4.9 2014q4/bin/../lib/gcc/arm-none-eabi/4.9.3/armv6-m\libgcc.a(_dvmd_tls.o)
                              c:/program files (x86)/gnu tools arm embedded/4.9 2014q4/bin/../lib/gcc/arm-none-eabi/4.9.3/armv6-m\libgcc.a(_udivsi3.o) (__aeabi_idiv0)

Allocating common symbols
Common symbol       size              file

G                   0x8               ..\obj\main.o
I                   0x1c              ..\obj\main.o

Discarded input sections

 .text          0x00000000        0x0 ..\obj\stm32f0xx_rcc.o
 .data          0x00000000       0x10 ..\obj\stm32f0xx_rcc.o
 .bss           0x00000000        0x0 ..\obj\stm32f0xx_rcc.o
 .text.RCC_DeInit
                0x00000000       0x88 ..\obj\stm32f0xx_rcc.o
 .text.RCC_HSEConfig
                0x00000000       0x24 ..\obj\stm32f0xx_rcc.o
 .text.RCC_WaitForHSEStartUp
                0x00000000       0x60 ..\obj\stm32f0xx_rcc.o
 .text.RCC_AdjustHSICalibrationValue
                0x00000000       0x3c ..\obj\stm32f0xx_rcc.o
 .text.RCC_HSICmd
                0x00000000       0x38 ..\obj\stm32f0xx_rcc.o
 .text.RCC_AdjustHSI14CalibrationValue
                0x00000000       0x3c ..\obj\stm32f0xx_rcc.o
 .text.RCC_HSI14Cmd
                0x00000000       0x38 ..\obj\stm32f0xx_rcc.o
 .text.RCC_HSI14ADCRequestCmd
                0x00000000       0x38 ..\obj\stm32f0xx_rcc.o
 .text.RCC_LSEConfig
                0x00000000       0x38 ..\obj\stm32f0xx_rcc.o
 .text.RCC_LSEDriveConfig
                0x00000000       0x2c ..\obj\stm32f0xx_rcc.o
 .text.RCC_LSICmd
                0x00000000       0x38 ..\obj\stm32f0xx_rcc.o
 .text.RCC_PLLConfig
                0x00000000       0x34 ..\obj\stm32f0xx_rcc.o
 .text.RCC_PLLCmd
                0x00000000       0x40 ..\obj\stm32f0xx_rcc.o
 .text.RCC_PREDIV1Config
                0x00000000       0x34 ..\obj\stm32f0xx_rcc.o
 .text.RCC_ClockSecuritySystemCmd
                0x00000000       0x40 ..\obj\stm32f0xx_rcc.o
 .text.RCC_MCOConfig
                0x00000000       0x20 ..\obj\stm32f0xx_rcc.o
 .text.RCC_SYSCLKConfig
                0x00000000       0x34 ..\obj\stm32f0xx_rcc.o
 .text.RCC_GetSYSCLKSource
                0x00000000       0x1c ..\obj\stm32f0xx_rcc.o
 .text.RCC_HCLKConfig
                0x00000000       0x34 ..\obj\stm32f0xx_rcc.o
 .text.RCC_PCLKConfig
                0x00000000       0x38 ..\obj\stm32f0xx_rcc.o
 .text.RCC_ADCCLKConfig
                0x00000000       0x50 ..\obj\stm32f0xx_rcc.o
 .text.RCC_CECCLKConfig
                0x00000000       0x2c ..\obj\stm32f0xx_rcc.o
 .text.RCC_I2CCLKConfig
                0x00000000       0x2c ..\obj\stm32f0xx_rcc.o
 .text.RCC_USARTCLKConfig
                0x00000000       0x2c ..\obj\stm32f0xx_rcc.o
 .text.RCC_GetClocksFreq
                0x00000000      0x1cc ..\obj\stm32f0xx_rcc.o
 .text.RCC_RTCCLKConfig
                0x00000000       0x20 ..\obj\stm32f0xx_rcc.o
 .text.RCC_RTCCLKCmd
                0x00000000       0x40 ..\obj\stm32f0xx_rcc.o
 .text.RCC_BackupResetCmd
                0x00000000       0x40 ..\obj\stm32f0xx_rcc.o
 .text.RCC_APB2PeriphClockCmd
                0x00000000       0x3c ..\obj\stm32f0xx_rcc.o
 .text.RCC_AHBPeriphResetCmd
                0x00000000       0x3c ..\obj\stm32f0xx_rcc.o
 .text.RCC_APB2PeriphResetCmd
                0x00000000       0x3c ..\obj\stm32f0xx_rcc.o
 .text.RCC_APB1PeriphResetCmd
                0x00000000       0x3c ..\obj\stm32f0xx_rcc.o
 .text.RCC_ITConfig
                0x00000000       0x50 ..\obj\stm32f0xx_rcc.o
 .text.RCC_GetFlagStatus
                0x00000000       0x94 ..\obj\stm32f0xx_rcc.o
 .text.RCC_ClearFlag
                0x00000000       0x1c ..\obj\stm32f0xx_rcc.o
 .text.RCC_GetITStatus
                0x00000000       0x44 ..\obj\stm32f0xx_rcc.o
 .text.RCC_ClearITPendingBit
                0x00000000       0x20 ..\obj\stm32f0xx_rcc.o
 .text          0x00000000        0x0 ..\obj\main.o
 .data          0x00000000        0x0 ..\obj\main.o
 .rodata        0x00000000       0x18 ..\obj\main.o
 .text.DS_SetTime
                0x00000000      0x1c8 ..\obj\main.o
 .text          0x00000000       0x14 ..\obj\startup_stm32f0xx.o
 .data          0x00000000        0x0 ..\obj\startup_stm32f0xx.o
 .bss           0x00000000        0x0 ..\obj\startup_stm32f0xx.o
 .text          0x00000000        0x0 ..\obj\stm32f0xx_i2c.o
 .data          0x00000000        0x0 ..\obj\stm32f0xx_i2c.o
 .bss           0x00000000        0x0 ..\obj\stm32f0xx_i2c.o
 .text.I2C_DeInit
                0x00000000       0x4c ..\obj\stm32f0xx_i2c.o
 .text.I2C_StructInit
                0x00000000       0x3c ..\obj\stm32f0xx_i2c.o
 .text.I2C_SoftwareResetCmd
                0x00000000       0x2c ..\obj\stm32f0xx_i2c.o
 .text.I2C_ITConfig
                0x00000000       0x38 ..\obj\stm32f0xx_i2c.o
 .text.I2C_StretchClockCmd
                0x00000000       0x3c ..\obj\stm32f0xx_i2c.o
 .text.I2C_StopModeCmd
                0x00000000       0x3c ..\obj\stm32f0xx_i2c.o
 .text.I2C_DualAddressCmd
                0x00000000       0x3c ..\obj\stm32f0xx_i2c.o
 .text.I2C_OwnAddress2Config
                0x00000000       0x58 ..\obj\stm32f0xx_i2c.o
 .text.I2C_GeneralCallCmd
                0x00000000       0x3c ..\obj\stm32f0xx_i2c.o
 .text.I2C_SlaveByteControlCmd
                0x00000000       0x3c ..\obj\stm32f0xx_i2c.o
 .text.I2C_SlaveAddressConfig
                0x00000000       0x3c ..\obj\stm32f0xx_i2c.o
 .text.I2C_10BitAddressingModeCmd
                0x00000000       0x3c ..\obj\stm32f0xx_i2c.o
 .text.I2C_AutoEndCmd
                0x00000000       0x3c ..\obj\stm32f0xx_i2c.o
 .text.I2C_ReloadCmd
                0x00000000       0x3c ..\obj\stm32f0xx_i2c.o
 .text.I2C_NumberOfBytesConfig
                0x00000000       0x44 ..\obj\stm32f0xx_i2c.o
 .text.I2C_MasterRequestConfig
                0x00000000       0x3c ..\obj\stm32f0xx_i2c.o
 .text.I2C_GenerateSTART
                0x00000000       0x3c ..\obj\stm32f0xx_i2c.o
 .text.I2C_GenerateSTOP
                0x00000000       0x3c ..\obj\stm32f0xx_i2c.o
 .text.I2C_10BitAddressHeaderCmd
                0x00000000       0x3c ..\obj\stm32f0xx_i2c.o
 .text.I2C_AcknowledgeConfig
                0x00000000       0x3c ..\obj\stm32f0xx_i2c.o
 .text.I2C_GetAddressMatched
                0x00000000       0x20 ..\obj\stm32f0xx_i2c.o
 .text.I2C_GetTransferDirection
                0x00000000       0x48 ..\obj\stm32f0xx_i2c.o
 .text.I2C_SMBusAlertCmd
                0x00000000       0x3c ..\obj\stm32f0xx_i2c.o
 .text.I2C_ClockTimeoutCmd
                0x00000000       0x3c ..\obj\stm32f0xx_i2c.o
 .text.I2C_ExtendedClockTimeoutCmd
                0x00000000       0x38 ..\obj\stm32f0xx_i2c.o
 .text.I2C_IdleClockTimeoutCmd
                0x00000000       0x3c ..\obj\stm32f0xx_i2c.o
 .text.I2C_TimeoutAConfig
                0x00000000       0x3c ..\obj\stm32f0xx_i2c.o
 .text.I2C_TimeoutBConfig
                0x00000000       0x44 ..\obj\stm32f0xx_i2c.o
 .text.I2C_CalculatePEC
                0x00000000       0x3c ..\obj\stm32f0xx_i2c.o
 .text.I2C_PECRequestCmd
                0x00000000       0x3c ..\obj\stm32f0xx_i2c.o
 .text.I2C_GetPEC
                0x00000000       0x18 ..\obj\stm32f0xx_i2c.o
 .text.I2C_ReadRegister
                0x00000000       0x2c ..\obj\stm32f0xx_i2c.o
 .text.I2C_DMACmd
                0x00000000       0x38 ..\obj\stm32f0xx_i2c.o
 .text.I2C_GetITStatus
                0x00000000       0x88 ..\obj\stm32f0xx_i2c.o
 .text.I2C_ClearITPendingBit
                0x00000000       0x18 ..\obj\stm32f0xx_i2c.o
 .text          0x00000000        0x0 ..\obj\system_stm32f0xx_temp.o
 .bss           0x00000000        0x0 ..\obj\system_stm32f0xx_temp.o
 .text.SystemCoreClockUpdate1
                0x00000000       0xd4 ..\obj\system_stm32f0xx_temp.o
 .text          0x00000000        0x0 ..\obj\stm32f0xx_gpio.o
 .data          0x00000000        0x0 ..\obj\stm32f0xx_gpio.o
 .bss           0x00000000        0x0 ..\obj\stm32f0xx_gpio.o
 .text.GPIO_DeInit
                0x00000000       0xc8 ..\obj\stm32f0xx_gpio.o
 .text.GPIO_StructInit
                0x00000000       0x30 ..\obj\stm32f0xx_gpio.o
 .text.GPIO_PinLockConfig
                0x00000000       0x44 ..\obj\stm32f0xx_gpio.o
 .text.GPIO_ReadInputDataBit
                0x00000000       0x48 ..\obj\stm32f0xx_gpio.o
 .text.GPIO_ReadInputData
                0x00000000       0x18 ..\obj\stm32f0xx_gpio.o
 .text.GPIO_ReadOutputDataBit
                0x00000000       0x48 ..\obj\stm32f0xx_gpio.o
 .text.GPIO_ReadOutputData
                0x00000000       0x18 ..\obj\stm32f0xx_gpio.o
 .text.GPIO_SetBits
                0x00000000       0x1c ..\obj\stm32f0xx_gpio.o
 .text.GPIO_ResetBits
                0x00000000       0x1c ..\obj\stm32f0xx_gpio.o
 .text.GPIO_WriteBit
                0x00000000       0x38 ..\obj\stm32f0xx_gpio.o
 .text.GPIO_Write
                0x00000000       0x1c ..\obj\stm32f0xx_gpio.o
 .data          0x00000000        0x0 c:/program files (x86)/gnu tools arm embedded/4.9 2014q4/bin/../lib/gcc/arm-none-eabi/4.9.3/armv6-m\libgcc.a(_udivsi3.o)
 .bss           0x00000000        0x0 c:/program files (x86)/gnu tools arm embedded/4.9 2014q4/bin/../lib/gcc/arm-none-eabi/4.9.3/armv6-m\libgcc.a(_udivsi3.o)
 .data          0x00000000        0x0 c:/program files (x86)/gnu tools arm embedded/4.9 2014q4/bin/../lib/gcc/arm-none-eabi/4.9.3/armv6-m\libgcc.a(_dvmd_tls.o)
 .bss           0x00000000        0x0 c:/program files (x86)/gnu tools arm embedded/4.9 2014q4/bin/../lib/gcc/arm-none-eabi/4.9.3/armv6-m\libgcc.a(_dvmd_tls.o)

Memory Configuration

Name             Origin             Length             Attributes
rom              0x08000000         0x00010000         xr
ram              0x20000000         0x00002000         xrw
*default*        0x00000000         0xffffffff

Linker script and memory map

                0x20002000                _eram = 0x20002000

.text           0x08000000      0xef4
 *(.isr_vector)
 .isr_vector    0x08000000       0xc4 ..\obj\startup_stm32f0xx.o
                0x08000000                g_pfnVectors
 *(.text*)
 .text.RCC_AHBPeriphClockCmd
                0x080000c4       0x3c ..\obj\stm32f0xx_rcc.o
                0x080000c4                RCC_AHBPeriphClockCmd
 .text.RCC_APB1PeriphClockCmd
                0x08000100       0x3c ..\obj\stm32f0xx_rcc.o
                0x08000100                RCC_APB1PeriphClockCmd
 .text.NVIC_SetPriority
                0x0800013c       0xd4 ..\obj\main.o
 .text.SysTick_Config
                0x08000210       0x4c ..\obj\main.o
 .text.Delay    0x0800025c       0x2c ..\obj\main.o
                0x0800025c                Delay
 .text.SysTick_Handler
                0x08000288       0x18 ..\obj\main.o
                0x08000288                SysTick_Handler
 .text.I2C_WrReg
                0x080002a0       0xc8 ..\obj\main.o
                0x080002a0                I2C_WrReg
 .text.I2C_RdReg
                0x08000368       0xc8 ..\obj\main.o
                0x08000368                I2C_RdReg
 .text.DS_RdRAM
                0x08000430       0x38 ..\obj\main.o
                0x08000430                DS_RdRAM
 .text.DS_WrRAM
                0x08000468       0x44 ..\obj\main.o
                0x08000468                DS_WrRAM
 .text.DS_GetTime
                0x080004ac      0x190 ..\obj\main.o
                0x080004ac                DS_GetTime
 .text.DS_StructInit
                0x0800063c       0x38 ..\obj\main.o
                0x0800063c                DS_StructInit
 .text.main     0x08000674      0x1d8 ..\obj\main.o
                0x08000674                main
 .text.Reset_Handler
                0x0800084c       0x4c ..\obj\startup_stm32f0xx.o
                0x0800084c                Reset_Handler
 .text.Default_Handler
                0x08000898        0x2 ..\obj\startup_stm32f0xx.o
                0x08000898                TIM1_CC_IRQHandler
                0x08000898                HardFault_Handler
                0x08000898                ADC1_COMP_IRQHandler
                0x08000898                PVD_IRQHandler
                0x08000898                PendSV_Handler
                0x08000898                NMI_Handler
                0x08000898                I2C1_IRQHandler
                0x08000898                SPI1_IRQHandler
                0x08000898                TIM6_DAC_IRQHandler
                0x08000898                EXTI2_3_IRQHandler
                0x08000898                I2C2_IRQHandler
                0x08000898                TIM17_IRQHandler
                0x08000898                RTC_IRQHandler
                0x08000898                TIM16_IRQHandler
                0x08000898                TIM3_IRQHandler
                0x08000898                EXTI4_15_IRQHandler
                0x08000898                RCC_IRQHandler
                0x08000898                DMA1_Channel1_IRQHandler
                0x08000898                Default_Handler
                0x08000898                CEC_IRQHandler
                0x08000898                TIM14_IRQHandler
                0x08000898                DMA1_Channel4_5_IRQHandler
                0x08000898                TIM15_IRQHandler
                0x08000898                EXTI0_1_IRQHandler
                0x08000898                SPI2_IRQHandler
                0x08000898                SVC_Handler
                0x08000898                TS_IRQHandler
                0x08000898                WWDG_IRQHandler
                0x08000898                TIM2_IRQHandler
                0x08000898                DMA1_Channel2_3_IRQHandler
                0x08000898                USART2_IRQHandler
                0x08000898                FLASH_IRQHandler
                0x08000898                USART1_IRQHandler
                0x08000898                TIM1_BRK_UP_TRG_COM_IRQHandler
 *fill*         0x0800089a        0x2 
 .text.I2C_Init
                0x0800089c       0xcc ..\obj\stm32f0xx_i2c.o
                0x0800089c                I2C_Init
 .text.I2C_Cmd  0x08000968       0x38 ..\obj\stm32f0xx_i2c.o
                0x08000968                I2C_Cmd
 .text.I2C_TransferHandling
                0x080009a0       0x68 ..\obj\stm32f0xx_i2c.o
                0x080009a0                I2C_TransferHandling
 .text.I2C_SendData
                0x08000a08       0x1c ..\obj\stm32f0xx_i2c.o
                0x08000a08                I2C_SendData
 .text.I2C_ReceiveData
                0x08000a24       0x18 ..\obj\stm32f0xx_i2c.o
                0x08000a24                I2C_ReceiveData
 .text.I2C_GetFlagStatus
                0x08000a3c       0x4c ..\obj\stm32f0xx_i2c.o
                0x08000a3c                I2C_GetFlagStatus
 .text.I2C_ClearFlag
                0x08000a88       0x18 ..\obj\stm32f0xx_i2c.o
                0x08000a88                I2C_ClearFlag
 .text.SystemInit1
                0x08000aa0       0x8c ..\obj\system_stm32f0xx_temp.o
                0x08000aa0                SystemInit
                0x08000aa0                SystemInit1
 .text.SetSysClock1
                0x08000b2c       0xe0 ..\obj\system_stm32f0xx_temp.o
                0x08000b2c                SetSysClock
 .text.GPIO_Init
                0x08000c0c      0x124 ..\obj\stm32f0xx_gpio.o
                0x08000c0c                GPIO_Init
 .text.GPIO_PinAFConfig
                0x08000d30       0xa0 ..\obj\stm32f0xx_gpio.o
                0x08000d30                GPIO_PinAFConfig
 .text          0x08000dd0      0x120 c:/program files (x86)/gnu tools arm embedded/4.9 2014q4/bin/../lib/gcc/arm-none-eabi/4.9.3/armv6-m\libgcc.a(_udivsi3.o)
                0x08000dd0                __aeabi_uidiv
                0x08000dd0                __udivsi3
                0x08000edc                __aeabi_uidivmod
 .text          0x08000ef0        0x4 c:/program files (x86)/gnu tools arm embedded/4.9 2014q4/bin/../lib/gcc/arm-none-eabi/4.9.3/armv6-m\libgcc.a(_dvmd_tls.o)
                0x08000ef0                __aeabi_idiv0
                0x08000ef0                __aeabi_ldiv0
 *(.init)
 *(.fini)
 *crtbegin.o(.ctors)
 *crtbegin?.o(.ctors)
 *(EXCLUDE_FILE(*crtend.o *crtend?.o) .ctors)
 *(SORT(.ctors.*))
 *(.ctors)
 *crtbegin.o(.dtors)
 *crtbegin?.o(.dtors)
 *(EXCLUDE_FILE(*crtend.o *crtend?.o) .dtors)
 *(SORT(.dtors.*))
 *(.dtors)
 *(.rodata*)
 *(.eh_fram e*)

.glue_7         0x08000ef4        0x0
 .glue_7        0x00000000        0x0 linker stubs

.glue_7t        0x08000ef4        0x0
 .glue_7t       0x00000000        0x0 linker stubs

.vfp11_veneer   0x08000ef4        0x0
 .vfp11_veneer  0x00000000        0x0 linker stubs

.v4_bx          0x08000ef4        0x0
 .v4_bx         0x00000000        0x0 linker stubs

.iplt           0x08000ef4        0x0
 .iplt          0x00000000        0x0 ..\obj\stm32f0xx_rcc.o

.rel.dyn        0x08000ef4        0x0
 .rel.iplt      0x00000000        0x0 ..\obj\stm32f0xx_rcc.o

.ARM.extab
 *(.ARM.extab* .gnu.linkonce.armextab.*)
                0x08000ef4                __exidx_start = .

.ARM.exidx
 *(.ARM.exidx* .gnu.linkonce.armexidx.*)
                0x08000ef4                __exidx_end = .
                0x08000ef4                __etext = .
                0x08000ef4                _sidata = __etext

.data           0x20000000       0x14 load address 0x08000ef4
                0x20000000                __data_start__ = .
                0x20000000                _sdata = __data_start__
 *(vtable)
 *(.data*)
 .data          0x20000000       0x14 ..\obj\system_stm32f0xx_temp.o
                0x20000000                SystemCoreClock
                0x20000004                AHBPrescTable
                0x20000014                . = ALIGN (0x4)
                0x20000014                PROVIDE (__preinit_array_start, .)
 *(.preinit_array)
                0x20000014                PROVIDE (__preinit_array_end, .)
                0x20000014                . = ALIGN (0x4)
                0x20000014                PROVIDE (__init_array_start, .)
 *(SORT(.init_array.*))
 *(.init_array)
                0x20000014                PROVIDE (__init_array_end, .)
                0x20000014                . = ALIGN (0x4)
                0x20000014                PROVIDE (__fini_array_start, .)
 *(SORT(.fini_array.*))
 *(.fini_array)
                0x20000014                PROVIDE (__fini_array_end, .)
 *(.jcr*)
                0x20000014                . = ALIGN (0x4)
                0x20000014                __data_end__ = .
                0x20000014                _edata = __data_end__

.igot.plt       0x20000014        0x0 load address 0x08000f08
 .igot.plt      0x00000000        0x0 ..\obj\stm32f0xx_rcc.o

.bss            0x20000014       0x28 load address 0x08000f08
                0x20000014                . = ALIGN (0x4)
                0x20000014                __bss_start__ = .
                0x20000014                _sbss = __bss_start__
 *(.bss*)
 .bss           0x20000014        0x4 ..\obj\main.o
                0x20000014                MSec
 *(COMMON)
 COMMON         0x20000018       0x24 ..\obj\main.o
                0x20000018                G
                0x20000020                I
                0x2000003c                . = ALIGN (0x4)
                0x2000003c                __bss_end__ = .
                0x2000003c                _ebss = __bss_end__

.heap           0x2000003c        0x0
                0x2000003c                __end__ = .
                0x2000003c                _end = __end__
                0x2000003c                end = __end__
 *(.heap*)
                0x2000003c                __HeapLimit = .

.co_stack       0x2000003c        0x4 load address 0x08000f30
                0x20000040                . = ALIGN (0x8)
 *fill*         0x2000003c        0x4 
 *(.co_stack .co_stack.*)
                0x20002000                __StackTop = (ORIGIN (ram) + 0x2000)
                0x20001ffc                __StackLimit = (__StackTop - SIZEOF (.co_stack))
                0x20002000                PROVIDE (__stack, __StackTop)
                0x00000001                ASSERT ((__StackLimit >= __HeapLimit), region ram  overflowed with stack)
LOAD ..\obj\stm32f0xx_rcc.o
LOAD ..\obj\main.o
LOAD ..\obj\startup_stm32f0xx.o
LOAD ..\obj\stm32f0xx_i2c.o
LOAD ..\obj\system_stm32f0xx_temp.o
LOAD ..\obj\stm32f0xx_gpio.o
START GROUP
LOAD c:/program files (x86)/gnu tools arm embedded/4.9 2014q4/bin/../lib/gcc/arm-none-eabi/4.9.3/armv6-m\libgcc.a
LOAD c:/program files (x86)/gnu tools arm embedded/4.9 2014q4/bin/../lib/gcc/arm-none-eabi/4.9.3/../../../../arm-none-eabi/lib/armv6-m\libg.a
LOAD c:/program files (x86)/gnu tools arm embedded/4.9 2014q4/bin/../lib/gcc/arm-none-eabi/4.9.3/../../../../arm-none-eabi/lib/armv6-m\libc.a
END GROUP
OUTPUT(STM32F0-DS1307.elf elf32-littlearm)

.debug_info     0x00000000     0x2964
 .debug_info    0x00000000      0x99a ..\obj\stm32f0xx_rcc.o
 .debug_info    0x0000099a      0xaa3 ..\obj\main.o
 .debug_info    0x0000143d       0xb6 ..\obj\startup_stm32f0xx.o
 .debug_info    0x000014f3      0xbb3 ..\obj\stm32f0xx_i2c.o
 .debug_info    0x000020a6      0x2ef ..\obj\system_stm32f0xx_temp.o
 .debug_info    0x00002395      0x5cf ..\obj\stm32f0xx_gpio.o

.debug_abbrev   0x00000000      0x8a0
 .debug_abbrev  0x00000000      0x1ec ..\obj\stm32f0xx_rcc.o
 .debug_abbrev  0x000001ec      0x24e ..\obj\main.o
 .debug_abbrev  0x0000043a       0x12 ..\obj\startup_stm32f0xx.o
 .debug_abbrev  0x0000044c      0x185 ..\obj\stm32f0xx_i2c.o
 .debug_abbrev  0x000005d1      0x134 ..\obj\system_stm32f0xx_temp.o
 .debug_abbrev  0x00000705      0x19b ..\obj\stm32f0xx_gpio.o

.debug_aranges  0x00000000      0x408
 .debug_aranges
                0x00000000      0x150 ..\obj\stm32f0xx_rcc.o
 .debug_aranges
                0x00000150       0x78 ..\obj\main.o
 .debug_aranges
                0x000001c8       0x28 ..\obj\startup_stm32f0xx.o
 .debug_aranges
                0x000001f0      0x168 ..\obj\stm32f0xx_i2c.o
 .debug_aranges
                0x00000358       0x30 ..\obj\system_stm32f0xx_temp.o
 .debug_aranges
                0x00000388       0x80 ..\obj\stm32f0xx_gpio.o

.debug_ranges   0x00000000      0x3b0
 .debug_ranges  0x00000000      0x140 ..\obj\stm32f0xx_rcc.o
 .debug_ranges  0x00000140       0x68 ..\obj\main.o
 .debug_ranges  0x000001a8       0x20 ..\obj\startup_stm32f0xx.o
 .debug_ranges  0x000001c8      0x158 ..\obj\stm32f0xx_i2c.o
 .debug_ranges  0x00000320       0x20 ..\obj\system_stm32f0xx_temp.o
 .debug_ranges  0x00000340       0x70 ..\obj\stm32f0xx_gpio.o

.debug_line     0x00000000     0x139d
 .debug_line    0x00000000      0x51c ..\obj\stm32f0xx_rcc.o
 .debug_line    0x0000051c      0x3d8 ..\obj\main.o
 .debug_line    0x000008f4       0xb1 ..\obj\startup_stm32f0xx.o
 .debug_line    0x000009a5      0x53e ..\obj\stm32f0xx_i2c.o
 .debug_line    0x00000ee3      0x1c6 ..\obj\system_stm32f0xx_temp.o
 .debug_line    0x000010a9      0x2f4 ..\obj\stm32f0xx_gpio.o

.debug_str      0x00000000     0x1264
 .debug_str     0x00000000      0x688 ..\obj\stm32f0xx_rcc.o
                                0x721 (size before relaxing)
 .debug_str     0x00000688      0x5c5 ..\obj\main.o
                                0x768 (size before relaxing)
 .debug_str     0x00000c4d      0x3e6 ..\obj\stm32f0xx_i2c.o
                                0x636 (size before relaxing)
 .debug_str     0x00001033       0xa0 ..\obj\system_stm32f0xx_temp.o
                                0x298 (size before relaxing)
 .debug_str     0x000010d3      0x191 ..\obj\stm32f0xx_gpio.o
                                0x488 (size before relaxing)

.comment        0x00000000       0x70
 .comment       0x00000000       0x70 ..\obj\stm32f0xx_rcc.o
                                 0x71 (size before relaxing)
 .comment       0x00000000       0x71 ..\obj\main.o
 .comment       0x00000000       0x71 ..\obj\stm32f0xx_i2c.o
 .comment       0x00000000       0x71 ..\obj\system_stm32f0xx_temp.o
 .comment       0x00000000       0x71 ..\obj\stm32f0xx_gpio.o

.ARM.attributes
                0x00000000       0x2f
 .ARM.attributes
                0x00000000       0x31 ..\obj\stm32f0xx_rcc.o
 .ARM.attributes
                0x00000031       0x31 ..\obj\main.o
 .ARM.attributes
                0x00000062       0x21 ..\obj\startup_stm32f0xx.o
 .ARM.attributes
                0x00000083       0x31 ..\obj\stm32f0xx_i2c.o
 .ARM.attributes
                0x000000b4       0x31 ..\obj\system_stm32f0xx_temp.o
 .ARM.attributes
                0x000000e5       0x31 ..\obj\stm32f0xx_gpio.o
 .ARM.attributes
                0x00000116       0x1e c:/program files (x86)/gnu tools arm embedded/4.9 2014q4/bin/../lib/gcc/arm-none-eabi/4.9.3/armv6-m\libgcc.a(_udivsi3.o)
 .ARM.attributes
                0x00000134       0x1e c:/program files (x86)/gnu tools arm embedded/4.9 2014q4/bin/../lib/gcc/arm-none-eabi/4.9.3/armv6-m\libgcc.a(_dvmd_tls.o)

.debug_frame    0x00000000      0xe00
 .debug_frame   0x00000000      0x4e4 ..\obj\stm32f0xx_rcc.o
 .debug_frame   0x000004e4      0x190 ..\obj\main.o
 .debug_frame   0x00000674      0x550 ..\obj\stm32f0xx_i2c.o
 .debug_frame   0x00000bc4       0x6c ..\obj\system_stm32f0xx_temp.o
 .debug_frame   0x00000c30      0x1b0 ..\obj\stm32f0xx_gpio.o
 .debug_frame   0x00000de0       0x20 c:/program files (x86)/gnu tools arm embedded/4.9 2014q4/bin/../lib/gcc/arm-none-eabi/4.9.3/armv6-m\libgcc.a(_udivsi3.o)
